C:\Users\ADMIN\Desktop\vi-clone\backend\src\main\java\com\vi\backend\BackendApplication.java
C:\Users\ADMIN\Desktop\vi-clone\backend\src\main\java\com\vi\backend\config\WebConfig.java
C:\Users\ADMIN\Desktop\vi-clone\backend\src\main\java\com\vi\backend\controller\ApplicationController.java
C:\Users\ADMIN\Desktop\vi-clone\backend\src\main\java\com\vi\backend\controller\AuthController.java
C:\Users\ADMIN\Desktop\vi-clone\backend\src\main\java\com\vi\backend\controller\HomeController.java
C:\Users\ADMIN\Desktop\vi-clone\backend\src\main\java\com\vi\backend\controller\InternshipController.java
C:\Users\ADMIN\Desktop\vi-clone\backend\src\main\java\com\vi\backend\controller\UserController.java
C:\Users\ADMIN\Desktop\vi-clone\backend\src\main\java\com\vi\backend\HelloController.java
C:\Users\ADMIN\Desktop\vi-clone\backend\src\main\java\com\vi\backend\model\Application.java
C:\Users\ADMIN\Desktop\vi-clone\backend\src\main\java\com\vi\backend\model\Internship.java
C:\Users\ADMIN\Desktop\vi-clone\backend\src\main\java\com\vi\backend\model\User.java
C:\Users\ADMIN\Desktop\vi-clone\backend\src\main\java\com\vi\backend\repository\ApplicationRepository.java
C:\Users\ADMIN\Desktop\vi-clone\backend\src\main\java\com\vi\backend\repository\InternshipRepository.java
C:\Users\ADMIN\Desktop\vi-clone\backend\src\main\java\com\vi\backend\repository\UserRepository.java
C:\Users\ADMIN\Desktop\vi-clone\backend\src\main\java\com\vi\backend\service\UserService.java
C:\Users\ADMIN\Desktop\vi-clone\backend\src\main\java\com\vi\backend\service\UserServiceImpl.java
